// Jest Snapshot v1, https://goo.gl/fbAQLP

exports[`Testing Home Component Matching Home's snapshot 1`] = `ShallowWrapper {}`;
