// Jest Snapshot v1, https://goo.gl/fbAQLP

exports[`Testing AddCoupon Component Matching Addcoupon's snapshot 1`] = `ShallowWrapper {}`;
