// Jest Snapshot v1, https://goo.gl/fbAQLP

exports[`Testing Navbar Component Matching Navbar's snapshot 1`] = `ShallowWrapper {}`;
